<html>
<body>
<pre>
<h1>礦ision Build Log</h1>
<h2>Tool Versions:</h2>
IDE-Version: μVision V5.38.0.0
Copyright (C) 2022 ARM Ltd and ARM Germany GmbH. All rights reserved.
License Information: 1 1, 1, LIC=SDA0P-MH6T6-FW42N-YAK5T-BFK8L-B3ICA
 
Tool Versions:
Toolchain:       MDK-ARM Plus  Version: 5.38.0.0
Toolchain Path:  C:\Keil_v5\ARM\ARMCC\Bin
C Compiler:      Armcc.exe V5.06 update 7 (build 960)
Assembler:       Armasm.exe V5.06 update 7 (build 960)
Linker/Locator:  ArmLink.exe V5.06 update 7 (build 960)
Library Manager: ArmAr.exe V5.06 update 7 (build 960)
Hex Converter:   FromElf.exe V5.06 update 7 (build 960)
CPU DLL:         SARMCM3.DLL V5.38.0.0
Dialog DLL:      DARMCM1.DLL V1.19.6.0
Target DLL:      CMSIS_AGDI.dll V1.33.15.0
Dialog DLL:      TARMCM1.DLL V1.14.6.0
 
<h2>Project:</h2>
E:\Git_space\CW32_OPEN\项目2 按键、串口\实验一 流水灯实验\GPIO.uvprojx
Project File Date:  07/05/2023

<h2>Output:</h2>
*** Using Compiler 'V5.06 update 7 (build 960)', folder: 'C:\Keil_v5\ARM\ARMCC\Bin'
Build target 'Target 1'
*** Scatter Error: no default 'Read/Write' range selected
compiling Uart.c...
compiling tasker.c...
compiling Timer.c...
compiling Sys.c...
compiling interrupts_cw32f030.c...
compiling MAIN.c...
USER\MAIN.c(45): warning:  #167-D: argument of type "void (*)(void)" is incompatible with parameter of type "void (*)(uint32_t)"
  	TimerSlice_SetTask(SLICE_ID_LED,LED_DELAY_TIME,led_test,0);
USER\MAIN.c: 1 warning, 0 errors
compiling Key.c...
..\App\Key\Key.c(141): warning:  #188-D: enumerated type mixed with another type
    KEY_NAME_E key = 0;
..\App\Key\Key.c: 1 warning, 0 errors
linking...
Program Size: Code=6236 RO-data=324 RW-data=56 ZI-data=880  
FromELF: creating hex file...
".\Objects\GPIO.axf" - 0 Error(s), 2 Warning(s).

<h2>Software Packages used:</h2>

Package Vendor: ARM
                http://www.keil.com/pack/ARM.CMSIS.5.9.0.pack
                ARM.CMSIS.5.9.0
                CMSIS (Common Microcontroller Software Interface Standard)
   * Component: CORE Version: 5.6.0

Package Vendor: PS
                http://semi.icbase.com/support/download/1/PS.CW32F030_DFP.1.0.0.pack
                PS.CW32F030_DFP.1.0.0
                CW32 ARM Cortex-M0+ Device Family Pack

<h2>Collection of Component include folders:</h2>
  ./RTE/_Target_1
  C:/Users/admin/AppData/Local/Arm/Packs/ARM/CMSIS/5.9.0/CMSIS/Core/Include
  C:/Users/admin/AppData/Local/Arm/Packs/PS/CW32F030_DFP/1.0.0/Device/Include

<h2>Collection of Component Files used:</h2>

   * Component: ARM::CMSIS:CORE:5.6.0
Build Time Elapsed:  00:00:01
</pre>
</body>
</html>
