<!doctype html public "-//w3c//dtd html 4.0 transitional//en">
<html><head>
<title>Static Call Graph - [.\Objects\GPIO.axf]</title></head>
<body><HR>
<H1>Static Call Graph for image .\Objects\GPIO.axf</H1><HR>
<BR><P>#&#060CALLGRAPH&#062# ARM Linker, 5060960: Last Updated: Thu Aug 31 19:35:53 2023
<BR><P>
<H3>Maximum Stack Usage =        208 bytes + Unknown(Untraceable Function Pointers)</H3><H3>
Call chain for Maximum Stack Depth:</H3>
main &rArr; UART_init &rArr; USART_Init &rArr; __aeabi_dadd &rArr; _double_epilogue &rArr; __aeabi_llsr
<P>
<H3>
Function Pointers
</H3><UL>
 <LI><a href="#[12]">ADC_IRQHandler</a> from interrupts_cw32f030.o(i.ADC_IRQHandler) referenced from startup_cw32f030.o(RESET)
 <LI><a href="#[13]">ATIM_IRQHandler</a> from timer.o(i.ATIM_IRQHandler) referenced from startup_cw32f030.o(RESET)
 <LI><a href="#[24]">AWT_IRQHandler</a> from interrupts_cw32f030.o(i.AWT_IRQHandler) referenced from startup_cw32f030.o(RESET)
 <LI><a href="#[1a]">BTIM1_IRQHandler</a> from interrupts_cw32f030.o(i.BTIM1_IRQHandler) referenced from startup_cw32f030.o(RESET)
 <LI><a href="#[1b]">BTIM2_IRQHandler</a> from interrupts_cw32f030.o(i.BTIM2_IRQHandler) referenced from startup_cw32f030.o(RESET)
 <LI><a href="#[1c]">BTIM3_IRQHandler</a> from interrupts_cw32f030.o(i.BTIM3_IRQHandler) referenced from startup_cw32f030.o(RESET)
 <LI><a href="#[f]">DMACH1_IRQHandler</a> from interrupts_cw32f030.o(i.DMACH1_IRQHandler) referenced from startup_cw32f030.o(RESET)
 <LI><a href="#[10]">DMACH23_IRQHandler</a> from interrupts_cw32f030.o(i.DMACH23_IRQHandler) referenced from startup_cw32f030.o(RESET)
 <LI><a href="#[11]">DMACH45_IRQHandler</a> from interrupts_cw32f030.o(i.DMACH45_IRQHandler) referenced from startup_cw32f030.o(RESET)
 <LI><a href="#[25]">FAULT_IRQHandler</a> from interrupts_cw32f030.o(i.FAULT_IRQHandler) referenced from startup_cw32f030.o(RESET)
 <LI><a href="#[9]">FLASHRAM_IRQHandler</a> from interrupts_cw32f030.o(i.FLASHRAM_IRQHandler) referenced from startup_cw32f030.o(RESET)
 <LI><a href="#[b]">GPIOA_IRQHandler</a> from interrupts_cw32f030.o(i.GPIOA_IRQHandler) referenced from startup_cw32f030.o(RESET)
 <LI><a href="#[c]">GPIOB_IRQHandler</a> from interrupts_cw32f030.o(i.GPIOB_IRQHandler) referenced from startup_cw32f030.o(RESET)
 <LI><a href="#[d]">GPIOC_IRQHandler</a> from interrupts_cw32f030.o(i.GPIOC_IRQHandler) referenced from startup_cw32f030.o(RESET)
 <LI><a href="#[e]">GPIOF_IRQHandler</a> from interrupts_cw32f030.o(i.GPIOF_IRQHandler) referenced from startup_cw32f030.o(RESET)
 <LI><a href="#[16]">GTIM1_IRQHandler</a> from interrupts_cw32f030.o(i.GTIM1_IRQHandler) referenced from startup_cw32f030.o(RESET)
 <LI><a href="#[17]">GTIM2_IRQHandler</a> from interrupts_cw32f030.o(i.GTIM2_IRQHandler) referenced from startup_cw32f030.o(RESET)
 <LI><a href="#[18]">GTIM3_IRQHandler</a> from interrupts_cw32f030.o(i.GTIM3_IRQHandler) referenced from startup_cw32f030.o(RESET)
 <LI><a href="#[19]">GTIM4_IRQHandler</a> from interrupts_cw32f030.o(i.GTIM4_IRQHandler) referenced from startup_cw32f030.o(RESET)
 <LI><a href="#[2]">HardFault_Handler</a> from interrupts_cw32f030.o(i.HardFault_Handler) referenced from startup_cw32f030.o(RESET)
 <LI><a href="#[1d]">I2C1_IRQHandler</a> from interrupts_cw32f030.o(i.I2C1_IRQHandler) referenced from startup_cw32f030.o(RESET)
 <LI><a href="#[1e]">I2C2_IRQHandler</a> from interrupts_cw32f030.o(i.I2C2_IRQHandler) referenced from startup_cw32f030.o(RESET)
 <LI><a href="#[29]">KEYDRIVER_CALLBACK_Scan</a> from key.o(i.KEYDRIVER_CALLBACK_Scan) referenced from key.o(i.KEYMSG_Init)
 <LI><a href="#[2a]">KEYMSG_CALLBACK_Scan</a> from key.o(i.KEYMSG_CALLBACK_Scan) referenced from key.o(i.KEYMSG_Init)
 <LI><a href="#[7]">LVD_IRQHandler</a> from interrupts_cw32f030.o(i.LVD_IRQHandler) referenced from startup_cw32f030.o(RESET)
 <LI><a href="#[1]">NMI_Handler</a> from interrupts_cw32f030.o(i.NMI_Handler) referenced from startup_cw32f030.o(RESET)
 <LI><a href="#[4]">PendSV_Handler</a> from interrupts_cw32f030.o(i.PendSV_Handler) referenced from startup_cw32f030.o(RESET)
 <LI><a href="#[a]">RCC_IRQHandler</a> from interrupts_cw32f030.o(i.RCC_IRQHandler) referenced from startup_cw32f030.o(RESET)
 <LI><a href="#[8]">RTC_IRQHandler</a> from interrupts_cw32f030.o(i.RTC_IRQHandler) referenced from startup_cw32f030.o(RESET)
 <LI><a href="#[0]">Reset_Handler</a> from startup_cw32f030.o(.text) referenced from startup_cw32f030.o(RESET)
 <LI><a href="#[1f]">SPI1_IRQHandler</a> from interrupts_cw32f030.o(i.SPI1_IRQHandler) referenced from startup_cw32f030.o(RESET)
 <LI><a href="#[20]">SPI2_IRQHandler</a> from interrupts_cw32f030.o(i.SPI2_IRQHandler) referenced from startup_cw32f030.o(RESET)
 <LI><a href="#[3]">SVC_Handler</a> from interrupts_cw32f030.o(i.SVC_Handler) referenced from startup_cw32f030.o(RESET)
 <LI><a href="#[5]">SysTick_Handler</a> from cw32f030_systick.o(i.SysTick_Handler) referenced from startup_cw32f030.o(RESET)
 <LI><a href="#[27]">SystemInit</a> from system_cw32f030.o(i.SystemInit) referenced from startup_cw32f030.o(.text)
 <LI><a href="#[21]">UART1_IRQHandler</a> from uart.o(i.UART1_IRQHandler) referenced from startup_cw32f030.o(RESET)
 <LI><a href="#[22]">UART2_IRQHandler</a> from interrupts_cw32f030.o(i.UART2_IRQHandler) referenced from startup_cw32f030.o(RESET)
 <LI><a href="#[23]">UART3_IRQHandler</a> from interrupts_cw32f030.o(i.UART3_IRQHandler) referenced from startup_cw32f030.o(RESET)
 <LI><a href="#[14]">VC1_IRQHandler</a> from interrupts_cw32f030.o(i.VC1_IRQHandler) referenced from startup_cw32f030.o(RESET)
 <LI><a href="#[15]">VC2_IRQHandler</a> from interrupts_cw32f030.o(i.VC2_IRQHandler) referenced from startup_cw32f030.o(RESET)
 <LI><a href="#[6]">WDT_IRQHandler</a> from interrupts_cw32f030.o(i.WDT_IRQHandler) referenced from startup_cw32f030.o(RESET)
 <LI><a href="#[28]">__main</a> from entry.o(.ARM.Collect$$$$00000000) referenced from startup_cw32f030.o(.text)
 <LI><a href="#[2b]">fputc</a> from main.o(i.fputc) referenced from printf1.o(i.__0printf$1)
 <LI><a href="#[2c]">key1</a> from main.o(i.key1) referenced from main.o(i.main)
 <LI><a href="#[2d]">key2</a> from main.o(i.key2) referenced from main.o(i.main)
 <LI><a href="#[2e]">key3</a> from main.o(i.key3) referenced from main.o(i.main)
 <LI><a href="#[2f]">led_test</a> from main.o(i.led_test) referenced from main.o(i.main)
 <LI><a href="#[26]">main</a> from main.o(i.main) referenced from entry9a.o(.ARM.Collect$$$$0000000B)
</UL>
<P>
<H3>
Global Symbols
</H3>
<P><STRONG><a name="[28]"></a>__main</STRONG> (Thumb, 0 bytes, Stack size unknown bytes, entry.o(.ARM.Collect$$$$00000000))
<BR>[Address Reference Count : 1]<UL><LI> startup_cw32f030.o(.text)
</UL>
<P><STRONG><a name="[7c]"></a>_main_stk</STRONG> (Thumb, 0 bytes, Stack size unknown bytes, entry2.o(.ARM.Collect$$$$00000001))

<P><STRONG><a name="[30]"></a>_main_scatterload</STRONG> (Thumb, 0 bytes, Stack size unknown bytes, entry5.o(.ARM.Collect$$$$00000004))
<BR><BR>[Calls]<UL><LI><a href="#[31]">&gt;&gt;</a>&nbsp;&nbsp;&nbsp;__scatterload
</UL>

<P><STRONG><a name="[4a]"></a>__main_after_scatterload</STRONG> (Thumb, 0 bytes, Stack size unknown bytes, entry5.o(.ARM.Collect$$$$00000004))
<BR><BR>[Called By]<UL><LI><a href="#[31]">&gt;&gt;</a>&nbsp;&nbsp;&nbsp;__scatterload
</UL>

<P><STRONG><a name="[7d]"></a>_main_clock</STRONG> (Thumb, 0 bytes, Stack size unknown bytes, entry7b.o(.ARM.Collect$$$$00000008))

<P><STRONG><a name="[7e]"></a>_main_cpp_init</STRONG> (Thumb, 0 bytes, Stack size unknown bytes, entry8b.o(.ARM.Collect$$$$0000000A))

<P><STRONG><a name="[7f]"></a>_main_init</STRONG> (Thumb, 0 bytes, Stack size unknown bytes, entry9a.o(.ARM.Collect$$$$0000000B))

<P><STRONG><a name="[32]"></a>__rt_lib_shutdown_fini</STRONG> (Thumb, 0 bytes, Stack size unknown bytes, entry12b.o(.ARM.Collect$$$$0000000E))
<BR><BR>[Calls]<UL><LI><a href="#[33]">&gt;&gt;</a>&nbsp;&nbsp;&nbsp;__arm_fini_ (Weak Reference)
</UL>

<P><STRONG><a name="[80]"></a>__rt_final_cpp</STRONG> (Thumb, 0 bytes, Stack size unknown bytes, entry10a.o(.ARM.Collect$$$$0000000F))

<P><STRONG><a name="[81]"></a>__rt_final_exit</STRONG> (Thumb, 0 bytes, Stack size unknown bytes, entry11a.o(.ARM.Collect$$$$00000011))

<P><STRONG><a name="[0]"></a>Reset_Handler</STRONG> (Thumb, 26 bytes, Stack size 0 bytes, startup_cw32f030.o(.text))
<BR>[Address Reference Count : 1]<UL><LI> startup_cw32f030.o(RESET)
</UL>
<P><STRONG><a name="[82]"></a>__aeabi_uidiv</STRONG> (Thumb, 0 bytes, Stack size 12 bytes, uidiv.o(.text), UNUSED)

<P><STRONG><a name="[35]"></a>__aeabi_uidivmod</STRONG> (Thumb, 44 bytes, Stack size 12 bytes, uidiv.o(.text))
<BR><BR>[Stack]<UL><LI>Max Depth = 12<LI>Call Chain = __aeabi_uidivmod
</UL>
<BR>[Called By]<UL><LI><a href="#[67]">&gt;&gt;</a>&nbsp;&nbsp;&nbsp;RCC_Sysctrl_GetHClkFreq
<LI><a href="#[76]">&gt;&gt;</a>&nbsp;&nbsp;&nbsp;_printf_core
<LI><a href="#[34]">&gt;&gt;</a>&nbsp;&nbsp;&nbsp;__aeabi_idivmod
<LI><a href="#[5a]">&gt;&gt;</a>&nbsp;&nbsp;&nbsp;KEYMSG_MsgProcess
</UL>

<P><STRONG><a name="[83]"></a>__aeabi_idiv</STRONG> (Thumb, 0 bytes, Stack size 16 bytes, idiv.o(.text), UNUSED)

<P><STRONG><a name="[34]"></a>__aeabi_idivmod</STRONG> (Thumb, 40 bytes, Stack size 16 bytes, idiv.o(.text))
<BR><BR>[Stack]<UL><LI>Max Depth = 28<LI>Call Chain = __aeabi_idivmod &rArr; __aeabi_uidivmod
</UL>
<BR>[Calls]<UL><LI><a href="#[35]">&gt;&gt;</a>&nbsp;&nbsp;&nbsp;__aeabi_uidivmod
</UL>
<BR>[Called By]<UL><LI><a href="#[5a]">&gt;&gt;</a>&nbsp;&nbsp;&nbsp;KEYMSG_MsgProcess
</UL>

<P><STRONG><a name="[84]"></a>__aeabi_memcpy</STRONG> (Thumb, 36 bytes, Stack size 0 bytes, memcpya.o(.text), UNUSED)

<P><STRONG><a name="[66]"></a>__aeabi_memcpy4</STRONG> (Thumb, 0 bytes, Stack size 0 bytes, memcpya.o(.text))
<BR><BR>[Called By]<UL><LI><a href="#[62]">&gt;&gt;</a>&nbsp;&nbsp;&nbsp;RCC_PLL_Enable
</UL>

<P><STRONG><a name="[85]"></a>__aeabi_memcpy8</STRONG> (Thumb, 0 bytes, Stack size 0 bytes, memcpya.o(.text), UNUSED)

<P><STRONG><a name="[37]"></a>__aeabi_memset</STRONG> (Thumb, 14 bytes, Stack size 0 bytes, memseta.o(.text), UNUSED)
<BR><BR>[Called By]<UL><LI><a href="#[38]">&gt;&gt;</a>&nbsp;&nbsp;&nbsp;_memset$wrapper
<LI><a href="#[36]">&gt;&gt;</a>&nbsp;&nbsp;&nbsp;__aeabi_memclr
</UL>

<P><STRONG><a name="[86]"></a>__aeabi_memset4</STRONG> (Thumb, 0 bytes, Stack size 0 bytes, memseta.o(.text), UNUSED)

<P><STRONG><a name="[87]"></a>__aeabi_memset8</STRONG> (Thumb, 0 bytes, Stack size 0 bytes, memseta.o(.text), UNUSED)

<P><STRONG><a name="[36]"></a>__aeabi_memclr</STRONG> (Thumb, 4 bytes, Stack size 0 bytes, memseta.o(.text), UNUSED)
<BR><BR>[Calls]<UL><LI><a href="#[37]">&gt;&gt;</a>&nbsp;&nbsp;&nbsp;__aeabi_memset
</UL>

<P><STRONG><a name="[5d]"></a>__aeabi_memclr4</STRONG> (Thumb, 0 bytes, Stack size 0 bytes, memseta.o(.text))
<BR><BR>[Called By]<UL><LI><a href="#[6a]">&gt;&gt;</a>&nbsp;&nbsp;&nbsp;TimerSlice_Init
<LI><a href="#[57]">&gt;&gt;</a>&nbsp;&nbsp;&nbsp;KEYMSG_StructInit
</UL>

<P><STRONG><a name="[88]"></a>__aeabi_memclr8</STRONG> (Thumb, 0 bytes, Stack size 0 bytes, memseta.o(.text), UNUSED)

<P><STRONG><a name="[38]"></a>_memset$wrapper</STRONG> (Thumb, 18 bytes, Stack size 8 bytes, memseta.o(.text), UNUSED)
<BR><BR>[Calls]<UL><LI><a href="#[37]">&gt;&gt;</a>&nbsp;&nbsp;&nbsp;__aeabi_memset
</UL>

<P><STRONG><a name="[39]"></a>__aeabi_fadd</STRONG> (Thumb, 162 bytes, Stack size 24 bytes, fadd.o(.text))
<BR><BR>[Stack]<UL><LI>Max Depth = 36<LI>Call Chain = __aeabi_fadd &rArr; _float_epilogue
</UL>
<BR>[Calls]<UL><LI><a href="#[3b]">&gt;&gt;</a>&nbsp;&nbsp;&nbsp;_float_round
<LI><a href="#[3a]">&gt;&gt;</a>&nbsp;&nbsp;&nbsp;_float_epilogue
</UL>
<BR>[Called By]<UL><LI><a href="#[3d]">&gt;&gt;</a>&nbsp;&nbsp;&nbsp;__aeabi_frsub
<LI><a href="#[3c]">&gt;&gt;</a>&nbsp;&nbsp;&nbsp;__aeabi_fsub
</UL>

<P><STRONG><a name="[3c]"></a>__aeabi_fsub</STRONG> (Thumb, 8 bytes, Stack size 0 bytes, fadd.o(.text), UNUSED)
<BR><BR>[Calls]<UL><LI><a href="#[39]">&gt;&gt;</a>&nbsp;&nbsp;&nbsp;__aeabi_fadd
</UL>

<P><STRONG><a name="[3d]"></a>__aeabi_frsub</STRONG> (Thumb, 8 bytes, Stack size 0 bytes, fadd.o(.text))
<BR><BR>[Stack]<UL><LI>Max Depth = 36<LI>Call Chain = __aeabi_frsub &rArr; __aeabi_fadd &rArr; _float_epilogue
</UL>
<BR>[Calls]<UL><LI><a href="#[39]">&gt;&gt;</a>&nbsp;&nbsp;&nbsp;__aeabi_fadd
</UL>
<BR>[Called By]<UL><LI><a href="#[6f]">&gt;&gt;</a>&nbsp;&nbsp;&nbsp;USART_Init
</UL>

<P><STRONG><a name="[73]"></a>__aeabi_fmul</STRONG> (Thumb, 122 bytes, Stack size 16 bytes, fmul.o(.text))
<BR><BR>[Stack]<UL><LI>Max Depth = 16<LI>Call Chain = __aeabi_fmul
</UL>
<BR>[Called By]<UL><LI><a href="#[6f]">&gt;&gt;</a>&nbsp;&nbsp;&nbsp;USART_Init
</UL>

<P><STRONG><a name="[3e]"></a>__aeabi_fdiv</STRONG> (Thumb, 124 bytes, Stack size 16 bytes, fdiv.o(.text))
<BR><BR>[Stack]<UL><LI>Max Depth = 16<LI>Call Chain = __aeabi_fdiv
</UL>
<BR>[Calls]<UL><LI><a href="#[3b]">&gt;&gt;</a>&nbsp;&nbsp;&nbsp;_float_round
</UL>
<BR>[Called By]<UL><LI><a href="#[6f]">&gt;&gt;</a>&nbsp;&nbsp;&nbsp;USART_Init
</UL>

<P><STRONG><a name="[3f]"></a>__aeabi_dadd</STRONG> (Thumb, 330 bytes, Stack size 48 bytes, dadd.o(.text))
<BR><BR>[Stack]<UL><LI>Max Depth = 104<LI>Call Chain = __aeabi_dadd &rArr; _double_epilogue &rArr; __aeabi_llsr
</UL>
<BR>[Calls]<UL><LI><a href="#[41]">&gt;&gt;</a>&nbsp;&nbsp;&nbsp;__aeabi_lasr
<LI><a href="#[40]">&gt;&gt;</a>&nbsp;&nbsp;&nbsp;__aeabi_llsl
<LI><a href="#[43]">&gt;&gt;</a>&nbsp;&nbsp;&nbsp;_double_round
<LI><a href="#[42]">&gt;&gt;</a>&nbsp;&nbsp;&nbsp;_double_epilogue
</UL>
<BR>[Called By]<UL><LI><a href="#[6f]">&gt;&gt;</a>&nbsp;&nbsp;&nbsp;USART_Init
<LI><a href="#[45]">&gt;&gt;</a>&nbsp;&nbsp;&nbsp;__aeabi_drsub
<LI><a href="#[44]">&gt;&gt;</a>&nbsp;&nbsp;&nbsp;__aeabi_dsub
</UL>

<P><STRONG><a name="[44]"></a>__aeabi_dsub</STRONG> (Thumb, 12 bytes, Stack size 8 bytes, dadd.o(.text), UNUSED)
<BR><BR>[Calls]<UL><LI><a href="#[3f]">&gt;&gt;</a>&nbsp;&nbsp;&nbsp;__aeabi_dadd
</UL>

<P><STRONG><a name="[45]"></a>__aeabi_drsub</STRONG> (Thumb, 12 bytes, Stack size 8 bytes, dadd.o(.text), UNUSED)
<BR><BR>[Calls]<UL><LI><a href="#[3f]">&gt;&gt;</a>&nbsp;&nbsp;&nbsp;__aeabi_dadd
</UL>

<P><STRONG><a name="[46]"></a>__aeabi_ui2f</STRONG> (Thumb, 14 bytes, Stack size 8 bytes, ffltui.o(.text))
<BR><BR>[Stack]<UL><LI>Max Depth = 20<LI>Call Chain = __aeabi_ui2f &rArr; _float_epilogue
</UL>
<BR>[Calls]<UL><LI><a href="#[3a]">&gt;&gt;</a>&nbsp;&nbsp;&nbsp;_float_epilogue
</UL>
<BR>[Called By]<UL><LI><a href="#[6f]">&gt;&gt;</a>&nbsp;&nbsp;&nbsp;USART_Init
</UL>

<P><STRONG><a name="[72]"></a>__aeabi_f2uiz</STRONG> (Thumb, 40 bytes, Stack size 0 bytes, ffixui.o(.text))
<BR><BR>[Called By]<UL><LI><a href="#[6f]">&gt;&gt;</a>&nbsp;&nbsp;&nbsp;USART_Init
</UL>

<P><STRONG><a name="[47]"></a>__aeabi_d2uiz</STRONG> (Thumb, 50 bytes, Stack size 8 bytes, dfixui.o(.text))
<BR><BR>[Stack]<UL><LI>Max Depth = 16<LI>Call Chain = __aeabi_d2uiz &rArr; __aeabi_llsr
</UL>
<BR>[Calls]<UL><LI><a href="#[48]">&gt;&gt;</a>&nbsp;&nbsp;&nbsp;__aeabi_llsr
</UL>
<BR>[Called By]<UL><LI><a href="#[6f]">&gt;&gt;</a>&nbsp;&nbsp;&nbsp;USART_Init
</UL>

<P><STRONG><a name="[74]"></a>__aeabi_f2d</STRONG> (Thumb, 40 bytes, Stack size 0 bytes, f2d.o(.text))
<BR><BR>[Called By]<UL><LI><a href="#[6f]">&gt;&gt;</a>&nbsp;&nbsp;&nbsp;USART_Init
</UL>

<P><STRONG><a name="[40]"></a>__aeabi_llsl</STRONG> (Thumb, 32 bytes, Stack size 8 bytes, llshl.o(.text))
<BR><BR>[Stack]<UL><LI>Max Depth = 8<LI>Call Chain = __aeabi_llsl
</UL>
<BR>[Called By]<UL><LI><a href="#[3f]">&gt;&gt;</a>&nbsp;&nbsp;&nbsp;__aeabi_dadd
<LI><a href="#[42]">&gt;&gt;</a>&nbsp;&nbsp;&nbsp;_double_epilogue
</UL>

<P><STRONG><a name="[89]"></a>_ll_shift_l</STRONG> (Thumb, 0 bytes, Stack size 8 bytes, llshl.o(.text), UNUSED)

<P><STRONG><a name="[48]"></a>__aeabi_llsr</STRONG> (Thumb, 34 bytes, Stack size 8 bytes, llushr.o(.text))
<BR><BR>[Stack]<UL><LI>Max Depth = 8<LI>Call Chain = __aeabi_llsr
</UL>
<BR>[Called By]<UL><LI><a href="#[47]">&gt;&gt;</a>&nbsp;&nbsp;&nbsp;__aeabi_d2uiz
<LI><a href="#[42]">&gt;&gt;</a>&nbsp;&nbsp;&nbsp;_double_epilogue
</UL>

<P><STRONG><a name="[8a]"></a>_ll_ushift_r</STRONG> (Thumb, 0 bytes, Stack size 8 bytes, llushr.o(.text), UNUSED)

<P><STRONG><a name="[41]"></a>__aeabi_lasr</STRONG> (Thumb, 38 bytes, Stack size 8 bytes, llsshr.o(.text))
<BR><BR>[Stack]<UL><LI>Max Depth = 8<LI>Call Chain = __aeabi_lasr
</UL>
<BR>[Called By]<UL><LI><a href="#[3f]">&gt;&gt;</a>&nbsp;&nbsp;&nbsp;__aeabi_dadd
</UL>

<P><STRONG><a name="[8b]"></a>_ll_sshift_r</STRONG> (Thumb, 0 bytes, Stack size 8 bytes, llsshr.o(.text), UNUSED)

<P><STRONG><a name="[8c]"></a>__I$use$fp</STRONG> (Thumb, 0 bytes, Stack size 0 bytes, iusefp.o(.text), UNUSED)

<P><STRONG><a name="[3b]"></a>_float_round</STRONG> (Thumb, 16 bytes, Stack size 0 bytes, fepilogue.o(.text))
<BR><BR>[Called By]<UL><LI><a href="#[39]">&gt;&gt;</a>&nbsp;&nbsp;&nbsp;__aeabi_fadd
<LI><a href="#[3e]">&gt;&gt;</a>&nbsp;&nbsp;&nbsp;__aeabi_fdiv
</UL>

<P><STRONG><a name="[3a]"></a>_float_epilogue</STRONG> (Thumb, 114 bytes, Stack size 12 bytes, fepilogue.o(.text))
<BR><BR>[Stack]<UL><LI>Max Depth = 12<LI>Call Chain = _float_epilogue
</UL>
<BR>[Called By]<UL><LI><a href="#[46]">&gt;&gt;</a>&nbsp;&nbsp;&nbsp;__aeabi_ui2f
<LI><a href="#[39]">&gt;&gt;</a>&nbsp;&nbsp;&nbsp;__aeabi_fadd
</UL>

<P><STRONG><a name="[43]"></a>_double_round</STRONG> (Thumb, 26 bytes, Stack size 8 bytes, depilogue.o(.text))
<BR><BR>[Stack]<UL><LI>Max Depth = 8<LI>Call Chain = _double_round
</UL>
<BR>[Called By]<UL><LI><a href="#[3f]">&gt;&gt;</a>&nbsp;&nbsp;&nbsp;__aeabi_dadd
<LI><a href="#[42]">&gt;&gt;</a>&nbsp;&nbsp;&nbsp;_double_epilogue
</UL>

<P><STRONG><a name="[42]"></a>_double_epilogue</STRONG> (Thumb, 164 bytes, Stack size 48 bytes, depilogue.o(.text))
<BR><BR>[Stack]<UL><LI>Max Depth = 56<LI>Call Chain = _double_epilogue &rArr; __aeabi_llsr
</UL>
<BR>[Calls]<UL><LI><a href="#[49]">&gt;&gt;</a>&nbsp;&nbsp;&nbsp;__ARM_clz
<LI><a href="#[48]">&gt;&gt;</a>&nbsp;&nbsp;&nbsp;__aeabi_llsr
<LI><a href="#[40]">&gt;&gt;</a>&nbsp;&nbsp;&nbsp;__aeabi_llsl
<LI><a href="#[43]">&gt;&gt;</a>&nbsp;&nbsp;&nbsp;_double_round
</UL>
<BR>[Called By]<UL><LI><a href="#[3f]">&gt;&gt;</a>&nbsp;&nbsp;&nbsp;__aeabi_dadd
</UL>

<P><STRONG><a name="[31]"></a>__scatterload</STRONG> (Thumb, 28 bytes, Stack size 0 bytes, init.o(.text))
<BR><BR>[Calls]<UL><LI><a href="#[4a]">&gt;&gt;</a>&nbsp;&nbsp;&nbsp;__main_after_scatterload
</UL>
<BR>[Called By]<UL><LI><a href="#[30]">&gt;&gt;</a>&nbsp;&nbsp;&nbsp;_main_scatterload
</UL>

<P><STRONG><a name="[8d]"></a>__scatterload_rt2</STRONG> (Thumb, 0 bytes, Stack size 0 bytes, init.o(.text), UNUSED)

<P><STRONG><a name="[12]"></a>ADC_IRQHandler</STRONG> (Thumb, 2 bytes, Stack size 0 bytes, interrupts_cw32f030.o(i.ADC_IRQHandler))
<BR>[Address Reference Count : 1]<UL><LI> startup_cw32f030.o(RESET)
</UL>
<P><STRONG><a name="[4b]"></a>ATIMER_init</STRONG> (Thumb, 116 bytes, Stack size 40 bytes, timer.o(i.ATIMER_init))
<BR><BR>[Stack]<UL><LI>Max Depth = 40<LI>Call Chain = ATIMER_init
</UL>
<BR>[Calls]<UL><LI><a href="#[4c]">&gt;&gt;</a>&nbsp;&nbsp;&nbsp;ATIM_Init
<LI><a href="#[4d]">&gt;&gt;</a>&nbsp;&nbsp;&nbsp;ATIM_ITConfig
<LI><a href="#[4e]">&gt;&gt;</a>&nbsp;&nbsp;&nbsp;ATIM_Cmd
</UL>
<BR>[Called By]<UL><LI><a href="#[26]">&gt;&gt;</a>&nbsp;&nbsp;&nbsp;main
</UL>

<P><STRONG><a name="[50]"></a>ATIM_ClearITPendingBit</STRONG> (Thumb, 8 bytes, Stack size 0 bytes, cw32f030_atim.o(i.ATIM_ClearITPendingBit))
<BR><BR>[Called By]<UL><LI><a href="#[13]">&gt;&gt;</a>&nbsp;&nbsp;&nbsp;ATIM_IRQHandler
</UL>

<P><STRONG><a name="[4e]"></a>ATIM_Cmd</STRONG> (Thumb, 20 bytes, Stack size 0 bytes, cw32f030_atim.o(i.ATIM_Cmd))
<BR><BR>[Called By]<UL><LI><a href="#[4b]">&gt;&gt;</a>&nbsp;&nbsp;&nbsp;ATIMER_init
</UL>

<P><STRONG><a name="[4f]"></a>ATIM_GetITStatus</STRONG> (Thumb, 20 bytes, Stack size 0 bytes, cw32f030_atim.o(i.ATIM_GetITStatus))
<BR><BR>[Called By]<UL><LI><a href="#[13]">&gt;&gt;</a>&nbsp;&nbsp;&nbsp;ATIM_IRQHandler
</UL>

<P><STRONG><a name="[13]"></a>ATIM_IRQHandler</STRONG> (Thumb, 64 bytes, Stack size 8 bytes, timer.o(i.ATIM_IRQHandler))
<BR><BR>[Stack]<UL><LI>Max Depth = 8<LI>Call Chain = ATIM_IRQHandler
</UL>
<BR>[Calls]<UL><LI><a href="#[4f]">&gt;&gt;</a>&nbsp;&nbsp;&nbsp;ATIM_GetITStatus
<LI><a href="#[50]">&gt;&gt;</a>&nbsp;&nbsp;&nbsp;ATIM_ClearITPendingBit
</UL>
<BR>[Address Reference Count : 1]<UL><LI> startup_cw32f030.o(RESET)
</UL>
<P><STRONG><a name="[4d]"></a>ATIM_ITConfig</STRONG> (Thumb, 28 bytes, Stack size 0 bytes, cw32f030_atim.o(i.ATIM_ITConfig))
<BR><BR>[Called By]<UL><LI><a href="#[4b]">&gt;&gt;</a>&nbsp;&nbsp;&nbsp;ATIMER_init
</UL>

<P><STRONG><a name="[4c]"></a>ATIM_Init</STRONG> (Thumb, 94 bytes, Stack size 0 bytes, cw32f030_atim.o(i.ATIM_Init))
<BR><BR>[Called By]<UL><LI><a href="#[4b]">&gt;&gt;</a>&nbsp;&nbsp;&nbsp;ATIMER_init
</UL>

<P><STRONG><a name="[24]"></a>AWT_IRQHandler</STRONG> (Thumb, 2 bytes, Stack size 0 bytes, interrupts_cw32f030.o(i.AWT_IRQHandler))
<BR>[Address Reference Count : 1]<UL><LI> startup_cw32f030.o(RESET)
</UL>
<P><STRONG><a name="[1a]"></a>BTIM1_IRQHandler</STRONG> (Thumb, 2 bytes, Stack size 0 bytes, interrupts_cw32f030.o(i.BTIM1_IRQHandler))
<BR>[Address Reference Count : 1]<UL><LI> startup_cw32f030.o(RESET)
</UL>
<P><STRONG><a name="[1b]"></a>BTIM2_IRQHandler</STRONG> (Thumb, 2 bytes, Stack size 0 bytes, interrupts_cw32f030.o(i.BTIM2_IRQHandler))
<BR>[Address Reference Count : 1]<UL><LI> startup_cw32f030.o(RESET)
</UL>
<P><STRONG><a name="[1c]"></a>BTIM3_IRQHandler</STRONG> (Thumb, 2 bytes, Stack size 0 bytes, interrupts_cw32f030.o(i.BTIM3_IRQHandler))
<BR>[Address Reference Count : 1]<UL><LI> startup_cw32f030.o(RESET)
</UL>
<P><STRONG><a name="[f]"></a>DMACH1_IRQHandler</STRONG> (Thumb, 2 bytes, Stack size 0 bytes, interrupts_cw32f030.o(i.DMACH1_IRQHandler))
<BR>[Address Reference Count : 1]<UL><LI> startup_cw32f030.o(RESET)
</UL>
<P><STRONG><a name="[10]"></a>DMACH23_IRQHandler</STRONG> (Thumb, 2 bytes, Stack size 0 bytes, interrupts_cw32f030.o(i.DMACH23_IRQHandler))
<BR>[Address Reference Count : 1]<UL><LI> startup_cw32f030.o(RESET)
</UL>
<P><STRONG><a name="[11]"></a>DMACH45_IRQHandler</STRONG> (Thumb, 2 bytes, Stack size 0 bytes, interrupts_cw32f030.o(i.DMACH45_IRQHandler))
<BR>[Address Reference Count : 1]<UL><LI> startup_cw32f030.o(RESET)
</UL>
<P><STRONG><a name="[25]"></a>FAULT_IRQHandler</STRONG> (Thumb, 2 bytes, Stack size 0 bytes, interrupts_cw32f030.o(i.FAULT_IRQHandler))
<BR>[Address Reference Count : 1]<UL><LI> startup_cw32f030.o(RESET)
</UL>
<P><STRONG><a name="[9]"></a>FLASHRAM_IRQHandler</STRONG> (Thumb, 2 bytes, Stack size 0 bytes, interrupts_cw32f030.o(i.FLASHRAM_IRQHandler))
<BR>[Address Reference Count : 1]<UL><LI> startup_cw32f030.o(RESET)
</UL>
<P><STRONG><a name="[63]"></a>FLASH_SetLatency</STRONG> (Thumb, 28 bytes, Stack size 0 bytes, cw32f030_flash.o(i.FLASH_SetLatency))
<BR><BR>[Called By]<UL><LI><a href="#[5e]">&gt;&gt;</a>&nbsp;&nbsp;&nbsp;RCC_Configuration
</UL>

<P><STRONG><a name="[b]"></a>GPIOA_IRQHandler</STRONG> (Thumb, 2 bytes, Stack size 0 bytes, interrupts_cw32f030.o(i.GPIOA_IRQHandler))
<BR>[Address Reference Count : 1]<UL><LI> startup_cw32f030.o(RESET)
</UL>
<P><STRONG><a name="[c]"></a>GPIOB_IRQHandler</STRONG> (Thumb, 2 bytes, Stack size 0 bytes, interrupts_cw32f030.o(i.GPIOB_IRQHandler))
<BR>[Address Reference Count : 1]<UL><LI> startup_cw32f030.o(RESET)
</UL>
<P><STRONG><a name="[d]"></a>GPIOC_IRQHandler</STRONG> (Thumb, 2 bytes, Stack size 0 bytes, interrupts_cw32f030.o(i.GPIOC_IRQHandler))
<BR>[Address Reference Count : 1]<UL><LI> startup_cw32f030.o(RESET)
</UL>
<P><STRONG><a name="[e]"></a>GPIOF_IRQHandler</STRONG> (Thumb, 2 bytes, Stack size 0 bytes, interrupts_cw32f030.o(i.GPIOF_IRQHandler))
<BR>[Address Reference Count : 1]<UL><LI> startup_cw32f030.o(RESET)
</UL>
<P><STRONG><a name="[51]"></a>GPIO_Configuration</STRONG> (Thumb, 88 bytes, Stack size 24 bytes, sys.o(i.GPIO_Configuration))
<BR><BR>[Stack]<UL><LI>Max Depth = 24<LI>Call Chain = GPIO_Configuration
</UL>
<BR>[Calls]<UL><LI><a href="#[53]">&gt;&gt;</a>&nbsp;&nbsp;&nbsp;GPIO_WritePin
<LI><a href="#[52]">&gt;&gt;</a>&nbsp;&nbsp;&nbsp;GPIO_Init
</UL>
<BR>[Called By]<UL><LI><a href="#[26]">&gt;&gt;</a>&nbsp;&nbsp;&nbsp;main
</UL>

<P><STRONG><a name="[52]"></a>GPIO_Init</STRONG> (Thumb, 252 bytes, Stack size 0 bytes, cw32f030_gpio.o(i.GPIO_Init))
<BR><BR>[Called By]<UL><LI><a href="#[6c]">&gt;&gt;</a>&nbsp;&nbsp;&nbsp;UART_init
<LI><a href="#[51]">&gt;&gt;</a>&nbsp;&nbsp;&nbsp;GPIO_Configuration
<LI><a href="#[55]">&gt;&gt;</a>&nbsp;&nbsp;&nbsp;KEYDRIVER_Init
</UL>

<P><STRONG><a name="[54]"></a>GPIO_ReadPin</STRONG> (Thumb, 18 bytes, Stack size 0 bytes, cw32f030_gpio.o(i.GPIO_ReadPin))
<BR><BR>[Called By]<UL><LI><a href="#[29]">&gt;&gt;</a>&nbsp;&nbsp;&nbsp;KEYDRIVER_CALLBACK_Scan
</UL>

<P><STRONG><a name="[53]"></a>GPIO_WritePin</STRONG> (Thumb, 12 bytes, Stack size 0 bytes, cw32f030_gpio.o(i.GPIO_WritePin))
<BR><BR>[Called By]<UL><LI><a href="#[51]">&gt;&gt;</a>&nbsp;&nbsp;&nbsp;GPIO_Configuration
</UL>

<P><STRONG><a name="[16]"></a>GTIM1_IRQHandler</STRONG> (Thumb, 2 bytes, Stack size 0 bytes, interrupts_cw32f030.o(i.GTIM1_IRQHandler))
<BR>[Address Reference Count : 1]<UL><LI> startup_cw32f030.o(RESET)
</UL>
<P><STRONG><a name="[17]"></a>GTIM2_IRQHandler</STRONG> (Thumb, 2 bytes, Stack size 0 bytes, interrupts_cw32f030.o(i.GTIM2_IRQHandler))
<BR>[Address Reference Count : 1]<UL><LI> startup_cw32f030.o(RESET)
</UL>
<P><STRONG><a name="[18]"></a>GTIM3_IRQHandler</STRONG> (Thumb, 2 bytes, Stack size 0 bytes, interrupts_cw32f030.o(i.GTIM3_IRQHandler))
<BR>[Address Reference Count : 1]<UL><LI> startup_cw32f030.o(RESET)
</UL>
<P><STRONG><a name="[19]"></a>GTIM4_IRQHandler</STRONG> (Thumb, 2 bytes, Stack size 0 bytes, interrupts_cw32f030.o(i.GTIM4_IRQHandler))
<BR>[Address Reference Count : 1]<UL><LI> startup_cw32f030.o(RESET)
</UL>
<P><STRONG><a name="[2]"></a>HardFault_Handler</STRONG> (Thumb, 4 bytes, Stack size 0 bytes, interrupts_cw32f030.o(i.HardFault_Handler))
<BR>[Address Reference Count : 1]<UL><LI> startup_cw32f030.o(RESET)
</UL>
<P><STRONG><a name="[1d]"></a>I2C1_IRQHandler</STRONG> (Thumb, 2 bytes, Stack size 0 bytes, interrupts_cw32f030.o(i.I2C1_IRQHandler))
<BR>[Address Reference Count : 1]<UL><LI> startup_cw32f030.o(RESET)
</UL>
<P><STRONG><a name="[1e]"></a>I2C2_IRQHandler</STRONG> (Thumb, 2 bytes, Stack size 0 bytes, interrupts_cw32f030.o(i.I2C2_IRQHandler))
<BR>[Address Reference Count : 1]<UL><LI> startup_cw32f030.o(RESET)
</UL>
<P><STRONG><a name="[29]"></a>KEYDRIVER_CALLBACK_Scan</STRONG> (Thumb, 86 bytes, Stack size 16 bytes, key.o(i.KEYDRIVER_CALLBACK_Scan))
<BR><BR>[Stack]<UL><LI>Max Depth = 16<LI>Call Chain = KEYDRIVER_CALLBACK_Scan
</UL>
<BR>[Calls]<UL><LI><a href="#[54]">&gt;&gt;</a>&nbsp;&nbsp;&nbsp;GPIO_ReadPin
</UL>
<BR>[Address Reference Count : 1]<UL><LI> key.o(i.KEYMSG_Init)
</UL>
<P><STRONG><a name="[55]"></a>KEYDRIVER_Init</STRONG> (Thumb, 42 bytes, Stack size 24 bytes, key.o(i.KEYDRIVER_Init))
<BR><BR>[Stack]<UL><LI>Max Depth = 24<LI>Call Chain = KEYDRIVER_Init
</UL>
<BR>[Calls]<UL><LI><a href="#[52]">&gt;&gt;</a>&nbsp;&nbsp;&nbsp;GPIO_Init
</UL>
<BR>[Called By]<UL><LI><a href="#[56]">&gt;&gt;</a>&nbsp;&nbsp;&nbsp;KEYMSG_Init
</UL>

<P><STRONG><a name="[2a]"></a>KEYMSG_CALLBACK_Scan</STRONG> (Thumb, 12 bytes, Stack size 0 bytes, key.o(i.KEYMSG_CALLBACK_Scan))
<BR>[Address Reference Count : 1]<UL><LI> key.o(i.KEYMSG_Init)
</UL>
<P><STRONG><a name="[56]"></a>KEYMSG_Init</STRONG> (Thumb, 30 bytes, Stack size 8 bytes, key.o(i.KEYMSG_Init))
<BR><BR>[Stack]<UL><LI>Max Depth = 32<LI>Call Chain = KEYMSG_Init &rArr; KEYDRIVER_Init
</UL>
<BR>[Calls]<UL><LI><a href="#[59]">&gt;&gt;</a>&nbsp;&nbsp;&nbsp;TimerSlice_SetTask
<LI><a href="#[57]">&gt;&gt;</a>&nbsp;&nbsp;&nbsp;KEYMSG_StructInit
<LI><a href="#[58]">&gt;&gt;</a>&nbsp;&nbsp;&nbsp;KEYMSG_RegisterKeyScanCallback
<LI><a href="#[55]">&gt;&gt;</a>&nbsp;&nbsp;&nbsp;KEYDRIVER_Init
</UL>
<BR>[Called By]<UL><LI><a href="#[26]">&gt;&gt;</a>&nbsp;&nbsp;&nbsp;main
</UL>

<P><STRONG><a name="[5a]"></a>KEYMSG_MsgProcess</STRONG> (Thumb, 478 bytes, Stack size 24 bytes, key.o(i.KEYMSG_MsgProcess))
<BR><BR>[Stack]<UL><LI>Max Depth = 52<LI>Call Chain = KEYMSG_MsgProcess &rArr; __aeabi_idivmod &rArr; __aeabi_uidivmod
</UL>
<BR>[Calls]<UL><LI><a href="#[34]">&gt;&gt;</a>&nbsp;&nbsp;&nbsp;__aeabi_idivmod
<LI><a href="#[35]">&gt;&gt;</a>&nbsp;&nbsp;&nbsp;__aeabi_uidivmod
<LI><a href="#[5b]">&gt;&gt;</a>&nbsp;&nbsp;&nbsp;KEYMSG_ThrowMsg
</UL>
<BR>[Called By]<UL><LI><a href="#[5c]">&gt;&gt;</a>&nbsp;&nbsp;&nbsp;KEYMSG_ScanProcess
</UL>

<P><STRONG><a name="[58]"></a>KEYMSG_RegisterKeyScanCallback</STRONG> (Thumb, 6 bytes, Stack size 0 bytes, key.o(i.KEYMSG_RegisterKeyScanCallback))
<BR><BR>[Called By]<UL><LI><a href="#[56]">&gt;&gt;</a>&nbsp;&nbsp;&nbsp;KEYMSG_Init
</UL>

<P><STRONG><a name="[7a]"></a>KEYMSG_RegisterMsgService</STRONG> (Thumb, 80 bytes, Stack size 16 bytes, key.o(i.KEYMSG_RegisterMsgService))
<BR><BR>[Stack]<UL><LI>Max Depth = 16<LI>Call Chain = KEYMSG_RegisterMsgService
</UL>
<BR>[Called By]<UL><LI><a href="#[26]">&gt;&gt;</a>&nbsp;&nbsp;&nbsp;main
</UL>

<P><STRONG><a name="[5c]"></a>KEYMSG_ScanProcess</STRONG> (Thumb, 282 bytes, Stack size 24 bytes, key.o(i.KEYMSG_ScanProcess))
<BR><BR>[Stack]<UL><LI>Max Depth = 76<LI>Call Chain = KEYMSG_ScanProcess &rArr; KEYMSG_MsgProcess &rArr; __aeabi_idivmod &rArr; __aeabi_uidivmod
</UL>
<BR>[Calls]<UL><LI><a href="#[5b]">&gt;&gt;</a>&nbsp;&nbsp;&nbsp;KEYMSG_ThrowMsg
<LI><a href="#[5a]">&gt;&gt;</a>&nbsp;&nbsp;&nbsp;KEYMSG_MsgProcess
</UL>
<BR>[Called By]<UL><LI><a href="#[26]">&gt;&gt;</a>&nbsp;&nbsp;&nbsp;main
</UL>

<P><STRONG><a name="[57]"></a>KEYMSG_StructInit</STRONG> (Thumb, 54 bytes, Stack size 16 bytes, key.o(i.KEYMSG_StructInit))
<BR><BR>[Stack]<UL><LI>Max Depth = 16<LI>Call Chain = KEYMSG_StructInit
</UL>
<BR>[Calls]<UL><LI><a href="#[5d]">&gt;&gt;</a>&nbsp;&nbsp;&nbsp;__aeabi_memclr4
</UL>
<BR>[Called By]<UL><LI><a href="#[56]">&gt;&gt;</a>&nbsp;&nbsp;&nbsp;KEYMSG_Init
</UL>

<P><STRONG><a name="[5b]"></a>KEYMSG_ThrowMsg</STRONG> (Thumb, 56 bytes, Stack size 16 bytes, key.o(i.KEYMSG_ThrowMsg))
<BR><BR>[Stack]<UL><LI>Max Depth = 16<LI>Call Chain = KEYMSG_ThrowMsg
</UL>
<BR>[Called By]<UL><LI><a href="#[5c]">&gt;&gt;</a>&nbsp;&nbsp;&nbsp;KEYMSG_ScanProcess
<LI><a href="#[5a]">&gt;&gt;</a>&nbsp;&nbsp;&nbsp;KEYMSG_MsgProcess
</UL>

<P><STRONG><a name="[7]"></a>LVD_IRQHandler</STRONG> (Thumb, 2 bytes, Stack size 0 bytes, interrupts_cw32f030.o(i.LVD_IRQHandler))
<BR>[Address Reference Count : 1]<UL><LI> startup_cw32f030.o(RESET)
</UL>
<P><STRONG><a name="[1]"></a>NMI_Handler</STRONG> (Thumb, 2 bytes, Stack size 0 bytes, interrupts_cw32f030.o(i.NMI_Handler))
<BR>[Address Reference Count : 1]<UL><LI> startup_cw32f030.o(RESET)
</UL>
<P><STRONG><a name="[4]"></a>PendSV_Handler</STRONG> (Thumb, 2 bytes, Stack size 0 bytes, interrupts_cw32f030.o(i.PendSV_Handler))
<BR>[Address Reference Count : 1]<UL><LI> startup_cw32f030.o(RESET)
</UL>
<P><STRONG><a name="[6e]"></a>RCC_AHBPeriphClk_Enable</STRONG> (Thumb, 28 bytes, Stack size 0 bytes, cw32f030_rcc.o(i.RCC_AHBPeriphClk_Enable))
<BR><BR>[Called By]<UL><LI><a href="#[6c]">&gt;&gt;</a>&nbsp;&nbsp;&nbsp;UART_init
</UL>

<P><STRONG><a name="[6d]"></a>RCC_APBPeriphClk_Enable2</STRONG> (Thumb, 28 bytes, Stack size 0 bytes, cw32f030_rcc.o(i.RCC_APBPeriphClk_Enable2))
<BR><BR>[Called By]<UL><LI><a href="#[6c]">&gt;&gt;</a>&nbsp;&nbsp;&nbsp;UART_init
</UL>

<P><STRONG><a name="[5e]"></a>RCC_Configuration</STRONG> (Thumb, 62 bytes, Stack size 8 bytes, sys.o(i.RCC_Configuration))
<BR><BR>[Stack]<UL><LI>Max Depth = 72<LI>Call Chain = RCC_Configuration &rArr; RCC_PLL_Enable
</UL>
<BR>[Calls]<UL><LI><a href="#[63]">&gt;&gt;</a>&nbsp;&nbsp;&nbsp;FLASH_SetLatency
<LI><a href="#[65]">&gt;&gt;</a>&nbsp;&nbsp;&nbsp;RCC_SystemCoreClockUpdate
<LI><a href="#[64]">&gt;&gt;</a>&nbsp;&nbsp;&nbsp;RCC_SysClk_Switch
<LI><a href="#[62]">&gt;&gt;</a>&nbsp;&nbsp;&nbsp;RCC_PLL_Enable
<LI><a href="#[61]">&gt;&gt;</a>&nbsp;&nbsp;&nbsp;RCC_PCLKPRS_Config
<LI><a href="#[5f]">&gt;&gt;</a>&nbsp;&nbsp;&nbsp;RCC_HSI_Enable
<LI><a href="#[60]">&gt;&gt;</a>&nbsp;&nbsp;&nbsp;RCC_HCLKPRS_Config
</UL>
<BR>[Called By]<UL><LI><a href="#[26]">&gt;&gt;</a>&nbsp;&nbsp;&nbsp;main
</UL>

<P><STRONG><a name="[60]"></a>RCC_HCLKPRS_Config</STRONG> (Thumb, 20 bytes, Stack size 0 bytes, cw32f030_rcc.o(i.RCC_HCLKPRS_Config))
<BR><BR>[Called By]<UL><LI><a href="#[5e]">&gt;&gt;</a>&nbsp;&nbsp;&nbsp;RCC_Configuration
</UL>

<P><STRONG><a name="[5f]"></a>RCC_HSI_Enable</STRONG> (Thumb, 44 bytes, Stack size 0 bytes, cw32f030_rcc.o(i.RCC_HSI_Enable))
<BR><BR>[Called By]<UL><LI><a href="#[5e]">&gt;&gt;</a>&nbsp;&nbsp;&nbsp;RCC_Configuration
</UL>

<P><STRONG><a name="[a]"></a>RCC_IRQHandler</STRONG> (Thumb, 2 bytes, Stack size 0 bytes, interrupts_cw32f030.o(i.RCC_IRQHandler))
<BR>[Address Reference Count : 1]<UL><LI> startup_cw32f030.o(RESET)
</UL>
<P><STRONG><a name="[61]"></a>RCC_PCLKPRS_Config</STRONG> (Thumb, 20 bytes, Stack size 0 bytes, cw32f030_rcc.o(i.RCC_PCLKPRS_Config))
<BR><BR>[Called By]<UL><LI><a href="#[5e]">&gt;&gt;</a>&nbsp;&nbsp;&nbsp;RCC_Configuration
</UL>

<P><STRONG><a name="[62]"></a>RCC_PLL_Enable</STRONG> (Thumb, 168 bytes, Stack size 64 bytes, cw32f030_rcc.o(i.RCC_PLL_Enable))
<BR><BR>[Stack]<UL><LI>Max Depth = 64<LI>Call Chain = RCC_PLL_Enable
</UL>
<BR>[Calls]<UL><LI><a href="#[66]">&gt;&gt;</a>&nbsp;&nbsp;&nbsp;__aeabi_memcpy4
</UL>
<BR>[Called By]<UL><LI><a href="#[5e]">&gt;&gt;</a>&nbsp;&nbsp;&nbsp;RCC_Configuration
</UL>

<P><STRONG><a name="[64]"></a>RCC_SysClk_Switch</STRONG> (Thumb, 54 bytes, Stack size 16 bytes, cw32f030_rcc.o(i.RCC_SysClk_Switch))
<BR><BR>[Stack]<UL><LI>Max Depth = 52<LI>Call Chain = RCC_SysClk_Switch &rArr; RCC_Sysctrl_GetHClkFreq &rArr; __aeabi_uidivmod
</UL>
<BR>[Calls]<UL><LI><a href="#[65]">&gt;&gt;</a>&nbsp;&nbsp;&nbsp;RCC_SystemCoreClockUpdate
<LI><a href="#[67]">&gt;&gt;</a>&nbsp;&nbsp;&nbsp;RCC_Sysctrl_GetHClkFreq
</UL>
<BR>[Called By]<UL><LI><a href="#[5e]">&gt;&gt;</a>&nbsp;&nbsp;&nbsp;RCC_Configuration
</UL>

<P><STRONG><a name="[67]"></a>RCC_Sysctrl_GetHClkFreq</STRONG> (Thumb, 194 bytes, Stack size 24 bytes, cw32f030_rcc.o(i.RCC_Sysctrl_GetHClkFreq))
<BR><BR>[Stack]<UL><LI>Max Depth = 36<LI>Call Chain = RCC_Sysctrl_GetHClkFreq &rArr; __aeabi_uidivmod
</UL>
<BR>[Calls]<UL><LI><a href="#[68]">&gt;&gt;</a>&nbsp;&nbsp;&nbsp;__ARM_common_switch8
<LI><a href="#[35]">&gt;&gt;</a>&nbsp;&nbsp;&nbsp;__aeabi_uidivmod
</UL>
<BR>[Called By]<UL><LI><a href="#[64]">&gt;&gt;</a>&nbsp;&nbsp;&nbsp;RCC_SysClk_Switch
</UL>

<P><STRONG><a name="[65]"></a>RCC_SystemCoreClockUpdate</STRONG> (Thumb, 6 bytes, Stack size 0 bytes, cw32f030_rcc.o(i.RCC_SystemCoreClockUpdate))
<BR><BR>[Called By]<UL><LI><a href="#[5e]">&gt;&gt;</a>&nbsp;&nbsp;&nbsp;RCC_Configuration
<LI><a href="#[64]">&gt;&gt;</a>&nbsp;&nbsp;&nbsp;RCC_SysClk_Switch
</UL>

<P><STRONG><a name="[8]"></a>RTC_IRQHandler</STRONG> (Thumb, 2 bytes, Stack size 0 bytes, interrupts_cw32f030.o(i.RTC_IRQHandler))
<BR>[Address Reference Count : 1]<UL><LI> startup_cw32f030.o(RESET)
</UL>
<P><STRONG><a name="[1f]"></a>SPI1_IRQHandler</STRONG> (Thumb, 2 bytes, Stack size 0 bytes, interrupts_cw32f030.o(i.SPI1_IRQHandler))
<BR>[Address Reference Count : 1]<UL><LI> startup_cw32f030.o(RESET)
</UL>
<P><STRONG><a name="[20]"></a>SPI2_IRQHandler</STRONG> (Thumb, 2 bytes, Stack size 0 bytes, interrupts_cw32f030.o(i.SPI2_IRQHandler))
<BR>[Address Reference Count : 1]<UL><LI> startup_cw32f030.o(RESET)
</UL>
<P><STRONG><a name="[3]"></a>SVC_Handler</STRONG> (Thumb, 2 bytes, Stack size 0 bytes, interrupts_cw32f030.o(i.SVC_Handler))
<BR>[Address Reference Count : 1]<UL><LI> startup_cw32f030.o(RESET)
</UL>
<P><STRONG><a name="[5]"></a>SysTick_Handler</STRONG> (Thumb, 16 bytes, Stack size 0 bytes, cw32f030_systick.o(i.SysTick_Handler))
<BR>[Address Reference Count : 1]<UL><LI> startup_cw32f030.o(RESET)
</UL>
<P><STRONG><a name="[69]"></a>SystemCoreClockUpdate</STRONG> (Thumb, 8 bytes, Stack size 0 bytes, system_cw32f030.o(i.SystemCoreClockUpdate))
<BR><BR>[Called By]<UL><LI><a href="#[27]">&gt;&gt;</a>&nbsp;&nbsp;&nbsp;SystemInit
</UL>

<P><STRONG><a name="[27]"></a>SystemInit</STRONG> (Thumb, 54 bytes, Stack size 4 bytes, system_cw32f030.o(i.SystemInit))
<BR><BR>[Stack]<UL><LI>Max Depth = 4<LI>Call Chain = SystemInit
</UL>
<BR>[Calls]<UL><LI><a href="#[69]">&gt;&gt;</a>&nbsp;&nbsp;&nbsp;SystemCoreClockUpdate
</UL>
<BR>[Address Reference Count : 1]<UL><LI> startup_cw32f030.o(.text)
</UL>
<P><STRONG><a name="[6a]"></a>TimerSlice_Init</STRONG> (Thumb, 12 bytes, Stack size 8 bytes, tasker.o(i.TimerSlice_Init))
<BR><BR>[Stack]<UL><LI>Max Depth = 8<LI>Call Chain = TimerSlice_Init
</UL>
<BR>[Calls]<UL><LI><a href="#[5d]">&gt;&gt;</a>&nbsp;&nbsp;&nbsp;__aeabi_memclr4
</UL>
<BR>[Called By]<UL><LI><a href="#[26]">&gt;&gt;</a>&nbsp;&nbsp;&nbsp;main
</UL>

<P><STRONG><a name="[7b]"></a>TimerSlice_Process</STRONG> (Thumb, 54 bytes, Stack size 16 bytes, tasker.o(i.TimerSlice_Process))
<BR><BR>[Stack]<UL><LI>Max Depth = 16<LI>Call Chain = TimerSlice_Process
</UL>
<BR>[Called By]<UL><LI><a href="#[26]">&gt;&gt;</a>&nbsp;&nbsp;&nbsp;main
</UL>

<P><STRONG><a name="[59]"></a>TimerSlice_SetTask</STRONG> (Thumb, 68 bytes, Stack size 12 bytes, tasker.o(i.TimerSlice_SetTask))
<BR><BR>[Stack]<UL><LI>Max Depth = 12<LI>Call Chain = TimerSlice_SetTask
</UL>
<BR>[Called By]<UL><LI><a href="#[56]">&gt;&gt;</a>&nbsp;&nbsp;&nbsp;KEYMSG_Init
<LI><a href="#[26]">&gt;&gt;</a>&nbsp;&nbsp;&nbsp;main
</UL>

<P><STRONG><a name="[21]"></a>UART1_IRQHandler</STRONG> (Thumb, 12 bytes, Stack size 8 bytes, uart.o(i.UART1_IRQHandler))
<BR><BR>[Stack]<UL><LI>Max Depth = 8<LI>Call Chain = UART1_IRQHandler
</UL>
<BR>[Calls]<UL><LI><a href="#[6b]">&gt;&gt;</a>&nbsp;&nbsp;&nbsp;USART_GetITStatus
</UL>
<BR>[Address Reference Count : 1]<UL><LI> startup_cw32f030.o(RESET)
</UL>
<P><STRONG><a name="[22]"></a>UART2_IRQHandler</STRONG> (Thumb, 2 bytes, Stack size 0 bytes, interrupts_cw32f030.o(i.UART2_IRQHandler))
<BR>[Address Reference Count : 1]<UL><LI> startup_cw32f030.o(RESET)
</UL>
<P><STRONG><a name="[23]"></a>UART3_IRQHandler</STRONG> (Thumb, 2 bytes, Stack size 0 bytes, interrupts_cw32f030.o(i.UART3_IRQHandler))
<BR>[Address Reference Count : 1]<UL><LI> startup_cw32f030.o(RESET)
</UL>
<P><STRONG><a name="[6c]"></a>UART_init</STRONG> (Thumb, 188 bytes, Stack size 48 bytes, uart.o(i.UART_init))
<BR><BR>[Stack]<UL><LI>Max Depth = 208<LI>Call Chain = UART_init &rArr; USART_Init &rArr; __aeabi_dadd &rArr; _double_epilogue &rArr; __aeabi_llsr
</UL>
<BR>[Calls]<UL><LI><a href="#[52]">&gt;&gt;</a>&nbsp;&nbsp;&nbsp;GPIO_Init
<LI><a href="#[6f]">&gt;&gt;</a>&nbsp;&nbsp;&nbsp;USART_Init
<LI><a href="#[70]">&gt;&gt;</a>&nbsp;&nbsp;&nbsp;USART_ITConfig
<LI><a href="#[6d]">&gt;&gt;</a>&nbsp;&nbsp;&nbsp;RCC_APBPeriphClk_Enable2
<LI><a href="#[6e]">&gt;&gt;</a>&nbsp;&nbsp;&nbsp;RCC_AHBPeriphClk_Enable
<LI><a href="#[71]">&gt;&gt;</a>&nbsp;&nbsp;&nbsp;__NVIC_SetPriority
</UL>
<BR>[Called By]<UL><LI><a href="#[26]">&gt;&gt;</a>&nbsp;&nbsp;&nbsp;main
</UL>

<P><STRONG><a name="[78]"></a>USART_GetFlagStatus</STRONG> (Thumb, 18 bytes, Stack size 0 bytes, cw32f030_uart.o(i.USART_GetFlagStatus))
<BR><BR>[Called By]<UL><LI><a href="#[2b]">&gt;&gt;</a>&nbsp;&nbsp;&nbsp;fputc
</UL>

<P><STRONG><a name="[6b]"></a>USART_GetITStatus</STRONG> (Thumb, 18 bytes, Stack size 0 bytes, cw32f030_uart.o(i.USART_GetITStatus))
<BR><BR>[Called By]<UL><LI><a href="#[21]">&gt;&gt;</a>&nbsp;&nbsp;&nbsp;UART1_IRQHandler
</UL>

<P><STRONG><a name="[70]"></a>USART_ITConfig</STRONG> (Thumb, 26 bytes, Stack size 8 bytes, cw32f030_uart.o(i.USART_ITConfig))
<BR><BR>[Stack]<UL><LI>Max Depth = 8<LI>Call Chain = USART_ITConfig
</UL>
<BR>[Called By]<UL><LI><a href="#[6c]">&gt;&gt;</a>&nbsp;&nbsp;&nbsp;UART_init
</UL>

<P><STRONG><a name="[6f]"></a>USART_Init</STRONG> (Thumb, 362 bytes, Stack size 56 bytes, cw32f030_uart.o(i.USART_Init))
<BR><BR>[Stack]<UL><LI>Max Depth = 160<LI>Call Chain = USART_Init &rArr; __aeabi_dadd &rArr; _double_epilogue &rArr; __aeabi_llsr
</UL>
<BR>[Calls]<UL><LI><a href="#[46]">&gt;&gt;</a>&nbsp;&nbsp;&nbsp;__aeabi_ui2f
<LI><a href="#[73]">&gt;&gt;</a>&nbsp;&nbsp;&nbsp;__aeabi_fmul
<LI><a href="#[3d]">&gt;&gt;</a>&nbsp;&nbsp;&nbsp;__aeabi_frsub
<LI><a href="#[3e]">&gt;&gt;</a>&nbsp;&nbsp;&nbsp;__aeabi_fdiv
<LI><a href="#[72]">&gt;&gt;</a>&nbsp;&nbsp;&nbsp;__aeabi_f2uiz
<LI><a href="#[74]">&gt;&gt;</a>&nbsp;&nbsp;&nbsp;__aeabi_f2d
<LI><a href="#[3f]">&gt;&gt;</a>&nbsp;&nbsp;&nbsp;__aeabi_dadd
<LI><a href="#[47]">&gt;&gt;</a>&nbsp;&nbsp;&nbsp;__aeabi_d2uiz
</UL>
<BR>[Called By]<UL><LI><a href="#[6c]">&gt;&gt;</a>&nbsp;&nbsp;&nbsp;UART_init
</UL>

<P><STRONG><a name="[77]"></a>USART_SendData_8bit</STRONG> (Thumb, 4 bytes, Stack size 0 bytes, cw32f030_uart.o(i.USART_SendData_8bit))
<BR><BR>[Called By]<UL><LI><a href="#[2b]">&gt;&gt;</a>&nbsp;&nbsp;&nbsp;fputc
</UL>

<P><STRONG><a name="[14]"></a>VC1_IRQHandler</STRONG> (Thumb, 2 bytes, Stack size 0 bytes, interrupts_cw32f030.o(i.VC1_IRQHandler))
<BR>[Address Reference Count : 1]<UL><LI> startup_cw32f030.o(RESET)
</UL>
<P><STRONG><a name="[15]"></a>VC2_IRQHandler</STRONG> (Thumb, 2 bytes, Stack size 0 bytes, interrupts_cw32f030.o(i.VC2_IRQHandler))
<BR>[Address Reference Count : 1]<UL><LI> startup_cw32f030.o(RESET)
</UL>
<P><STRONG><a name="[6]"></a>WDT_IRQHandler</STRONG> (Thumb, 2 bytes, Stack size 0 bytes, interrupts_cw32f030.o(i.WDT_IRQHandler))
<BR>[Address Reference Count : 1]<UL><LI> startup_cw32f030.o(RESET)
</UL>
<P><STRONG><a name="[75]"></a>__0printf$1</STRONG> (Thumb, 24 bytes, Stack size 24 bytes, printf1.o(i.__0printf$1), UNUSED)
<BR><BR>[Calls]<UL><LI><a href="#[76]">&gt;&gt;</a>&nbsp;&nbsp;&nbsp;_printf_core
</UL>

<P><STRONG><a name="[8e]"></a>__1printf$1</STRONG> (Thumb, 0 bytes, Stack size 24 bytes, printf1.o(i.__0printf$1), UNUSED)

<P><STRONG><a name="[79]"></a>__2printf</STRONG> (Thumb, 0 bytes, Stack size 24 bytes, printf1.o(i.__0printf$1))
<BR><BR>[Stack]<UL><LI>Max Depth = 24<LI>Call Chain = __2printf
</UL>
<BR>[Called By]<UL><LI><a href="#[26]">&gt;&gt;</a>&nbsp;&nbsp;&nbsp;main
<LI><a href="#[2e]">&gt;&gt;</a>&nbsp;&nbsp;&nbsp;key3
<LI><a href="#[2d]">&gt;&gt;</a>&nbsp;&nbsp;&nbsp;key2
<LI><a href="#[2c]">&gt;&gt;</a>&nbsp;&nbsp;&nbsp;key1
</UL>

<P><STRONG><a name="[49]"></a>__ARM_clz</STRONG> (Thumb, 46 bytes, Stack size 0 bytes, depilogue.o(i.__ARM_clz))
<BR><BR>[Called By]<UL><LI><a href="#[42]">&gt;&gt;</a>&nbsp;&nbsp;&nbsp;_double_epilogue
</UL>

<P><STRONG><a name="[68]"></a>__ARM_common_switch8</STRONG> (Thumb, 28 bytes, Stack size 8 bytes, cw32f030_i2c.o(i.__ARM_common_switch8))
<BR><BR>[Stack]<UL><LI>Max Depth = 8<LI>Call Chain = __ARM_common_switch8
</UL>
<BR>[Called By]<UL><LI><a href="#[67]">&gt;&gt;</a>&nbsp;&nbsp;&nbsp;RCC_Sysctrl_GetHClkFreq
</UL>

<P><STRONG><a name="[8f]"></a>__scatterload_copy</STRONG> (Thumb, 14 bytes, Stack size unknown bytes, handlers.o(i.__scatterload_copy), UNUSED)

<P><STRONG><a name="[90]"></a>__scatterload_null</STRONG> (Thumb, 2 bytes, Stack size unknown bytes, handlers.o(i.__scatterload_null), UNUSED)

<P><STRONG><a name="[91]"></a>__scatterload_zeroinit</STRONG> (Thumb, 14 bytes, Stack size unknown bytes, handlers.o(i.__scatterload_zeroinit), UNUSED)

<P><STRONG><a name="[2b]"></a>fputc</STRONG> (Thumb, 32 bytes, Stack size 16 bytes, main.o(i.fputc))
<BR><BR>[Stack]<UL><LI>Max Depth = 16<LI>Call Chain = fputc
</UL>
<BR>[Calls]<UL><LI><a href="#[77]">&gt;&gt;</a>&nbsp;&nbsp;&nbsp;USART_SendData_8bit
<LI><a href="#[78]">&gt;&gt;</a>&nbsp;&nbsp;&nbsp;USART_GetFlagStatus
</UL>
<BR>[Address Reference Count : 1]<UL><LI> printf1.o(i.__0printf$1)
</UL>
<P><STRONG><a name="[2c]"></a>key1</STRONG> (Thumb, 14 bytes, Stack size 8 bytes, main.o(i.key1))
<BR><BR>[Stack]<UL><LI>Max Depth = 32<LI>Call Chain = key1 &rArr; __2printf
</UL>
<BR>[Calls]<UL><LI><a href="#[79]">&gt;&gt;</a>&nbsp;&nbsp;&nbsp;__2printf
</UL>
<BR>[Address Reference Count : 1]<UL><LI> main.o(i.main)
</UL>
<P><STRONG><a name="[2d]"></a>key2</STRONG> (Thumb, 14 bytes, Stack size 8 bytes, main.o(i.key2))
<BR><BR>[Stack]<UL><LI>Max Depth = 32<LI>Call Chain = key2 &rArr; __2printf
</UL>
<BR>[Calls]<UL><LI><a href="#[79]">&gt;&gt;</a>&nbsp;&nbsp;&nbsp;__2printf
</UL>
<BR>[Address Reference Count : 1]<UL><LI> main.o(i.main)
</UL>
<P><STRONG><a name="[2e]"></a>key3</STRONG> (Thumb, 14 bytes, Stack size 8 bytes, main.o(i.key3))
<BR><BR>[Stack]<UL><LI>Max Depth = 32<LI>Call Chain = key3 &rArr; __2printf
</UL>
<BR>[Calls]<UL><LI><a href="#[79]">&gt;&gt;</a>&nbsp;&nbsp;&nbsp;__2printf
</UL>
<BR>[Address Reference Count : 1]<UL><LI> main.o(i.main)
</UL>
<P><STRONG><a name="[2f]"></a>led_test</STRONG> (Thumb, 10 bytes, Stack size 0 bytes, main.o(i.led_test))
<BR>[Address Reference Count : 1]<UL><LI> main.o(i.main)
</UL>
<P><STRONG><a name="[26]"></a>main</STRONG> (Thumb, 102 bytes, Stack size 0 bytes, main.o(i.main))
<BR><BR>[Stack]<UL><LI>Max Depth = 208<LI>Call Chain = main &rArr; UART_init &rArr; USART_Init &rArr; __aeabi_dadd &rArr; _double_epilogue &rArr; __aeabi_llsr
</UL>
<BR>[Calls]<UL><LI><a href="#[6c]">&gt;&gt;</a>&nbsp;&nbsp;&nbsp;UART_init
<LI><a href="#[59]">&gt;&gt;</a>&nbsp;&nbsp;&nbsp;TimerSlice_SetTask
<LI><a href="#[7b]">&gt;&gt;</a>&nbsp;&nbsp;&nbsp;TimerSlice_Process
<LI><a href="#[6a]">&gt;&gt;</a>&nbsp;&nbsp;&nbsp;TimerSlice_Init
<LI><a href="#[5e]">&gt;&gt;</a>&nbsp;&nbsp;&nbsp;RCC_Configuration
<LI><a href="#[5c]">&gt;&gt;</a>&nbsp;&nbsp;&nbsp;KEYMSG_ScanProcess
<LI><a href="#[7a]">&gt;&gt;</a>&nbsp;&nbsp;&nbsp;KEYMSG_RegisterMsgService
<LI><a href="#[56]">&gt;&gt;</a>&nbsp;&nbsp;&nbsp;KEYMSG_Init
<LI><a href="#[51]">&gt;&gt;</a>&nbsp;&nbsp;&nbsp;GPIO_Configuration
<LI><a href="#[4b]">&gt;&gt;</a>&nbsp;&nbsp;&nbsp;ATIMER_init
<LI><a href="#[79]">&gt;&gt;</a>&nbsp;&nbsp;&nbsp;__2printf
</UL>
<BR>[Address Reference Count : 1]<UL><LI> entry9a.o(.ARM.Collect$$$$0000000B)
</UL><P>
<H3>
Local Symbols
</H3>
<P><STRONG><a name="[71]"></a>__NVIC_SetPriority</STRONG> (Thumb, 110 bytes, Stack size 8 bytes, uart.o(i.__NVIC_SetPriority))
<BR><BR>[Stack]<UL><LI>Max Depth = 8<LI>Call Chain = __NVIC_SetPriority
</UL>
<BR>[Called By]<UL><LI><a href="#[6c]">&gt;&gt;</a>&nbsp;&nbsp;&nbsp;UART_init
</UL>

<P><STRONG><a name="[76]"></a>_printf_core</STRONG> (Thumb, 332 bytes, Stack size 88 bytes, printf1.o(i._printf_core), UNUSED)
<BR><BR>[Calls]<UL><LI><a href="#[35]">&gt;&gt;</a>&nbsp;&nbsp;&nbsp;__aeabi_uidivmod
</UL>
<BR>[Called By]<UL><LI><a href="#[75]">&gt;&gt;</a>&nbsp;&nbsp;&nbsp;__0printf$1
</UL>
<P>
<H3>
Undefined Global Symbols
</H3>
<P><STRONG><a name="[33]"></a>__arm_fini_</STRONG> (Unknown, 0 bytes, Stack size 0 bytes, UNDEFINED)
<BR><BR>[Called By]<UL><LI><a href="#[32]">&gt;&gt;</a>&nbsp;&nbsp;&nbsp;__rt_lib_shutdown_fini
</UL>
<HR></body></html>
